src/features/challenges/basic-challenges-operations.ts(24,23): error TS2345: Argument of type 'Promise<{ status: "COMPLETED" | "ACTIVE" | "ABANDONED" | "EXPIRED" | "CLAIMED" | "REROLLED"; completedAt: number | null; userId: string; id: string; createdAt: number; expiresAt: number | null; ... 7 more ...; progressHistory: { ...; }[]; }>' is not assignable to parameter of type '{ status: "COMPLETED" | "ACTIVE" | "ABANDONED" | "EXPIRED" | "CLAIMED" | "REROLLED"; completedAt: number | null; userId: string; id: string; createdAt: number; expiresAt: number | null; ... 7 more ...; progressHistory: { ...; }[]; }'.
src/features/challenges/basic-challenges-operations.ts(29,19): error TS2345: Argument of type 'Promise<{ status: "COMPLETED" | "ACTIVE" | "ABANDONED" | "EXPIRED" | "CLAIMED" | "REROLLED"; completedAt: number | null; userId: string; id: string; createdAt: number; expiresAt: number | null; ... 7 more ...; progressHistory: { ...; }[]; }>' is not assignable to parameter of type '{ status: "COMPLETED" | "ACTIVE" | "ABANDONED" | "EXPIRED" | "CLAIMED" | "REROLLED"; completedAt: number | null; userId: string; id: string; createdAt: number; expiresAt: number | null; ... 7 more ...; progressHistory: { ...; }[]; }'.
src/features/challenges/basic-challenges-operations.ts(46,23): error TS2345: Argument of type 'Promise<{ status: "COMPLETED" | "ACTIVE" | "ABANDONED" | "EXPIRED" | "CLAIMED" | "REROLLED"; completedAt: number | null; userId: string; id: string; createdAt: number; expiresAt: number | null; ... 7 more ...; progressHistory: { ...; }[]; }>' is not assignable to parameter of type '{ status: "COMPLETED" | "ACTIVE" | "ABANDONED" | "EXPIRED" | "CLAIMED" | "REROLLED"; completedAt: number | null; userId: string; id: string; createdAt: number; expiresAt: number | null; ... 7 more ...; progressHistory: { ...; }[]; }'.
src/features/challenges/basic-challenges-operations.ts(51,19): error TS2345: Argument of type 'Promise<{ status: "COMPLETED" | "ACTIVE" | "ABANDONED" | "EXPIRED" | "CLAIMED" | "REROLLED"; completedAt: number | null; userId: string; id: string; createdAt: number; expiresAt: number | null; ... 7 more ...; progressHistory: { ...; }[]; }>' is not assignable to parameter of type '{ status: "COMPLETED" | "ACTIVE" | "ABANDONED" | "EXPIRED" | "CLAIMED" | "REROLLED"; completedAt: number | null; userId: string; id: string; createdAt: number; expiresAt: number | null; ... 7 more ...; progressHistory: { ...; }[]; }'.
