error TS6053: File 'src/services/*.ts' not found.
  The file is in the program because:
    Root file specified for compilation
